Using pre-set license
Built from '2022.3/staging' branch; Version is '2022.3.16f1 (d2c21f0ef2f1) revision 13812255'; Using compiler version '192829333'; Build Type 'Release'
OS: 'Windows 11  (10.0.26200) 64bit Professional' Language: 'es' Physical Memory: 16011 MB
BatchMode: 1, IsHumanControllingUs: 0, StartBugReporterOnCrash: 0, Is64bit: 1, IsPro: 1

COMMAND LINE ARGUMENTS:
C:\Program Files\Unity\Hub\Editor\2022.3.16f1\Editor\Unity.exe
-adb2
-batchMode
-noUpm
-name
AssetImportWorker0
-projectPath
C:/Users/User/TODO/UNITY/REPOSITORIOS/ProgramacionGrafica
-logFile
Logs/AssetImportWorker0.log
-srvPort
51496
Successfully changed project path to: C:/Users/User/TODO/UNITY/REPOSITORIOS/ProgramacionGrafica
C:/Users/User/TODO/UNITY/REPOSITORIOS/ProgramacionGrafica
[UnityMemory] Configuration Parameters - Can be set up in boot.config
    "memorysetup-bucket-allocator-granularity=16"
    "memorysetup-bucket-allocator-bucket-count=8"
    "memorysetup-bucket-allocator-block-size=33554432"
    "memorysetup-bucket-allocator-block-count=8"
    "memorysetup-main-allocator-block-size=16777216"
    "memorysetup-thread-allocator-block-size=16777216"
    "memorysetup-gfx-main-allocator-block-size=16777216"
    "memorysetup-gfx-thread-allocator-block-size=16777216"
    "memorysetup-cache-allocator-block-size=4194304"
    "memorysetup-typetree-allocator-block-size=2097152"
    "memorysetup-profiler-bucket-allocator-granularity=16"
    "memorysetup-profiler-bucket-allocator-bucket-count=8"
    "memorysetup-profiler-bucket-allocator-block-size=33554432"
    "memorysetup-profiler-bucket-allocator-block-count=8"
    "memorysetup-profiler-allocator-block-size=16777216"
    "memorysetup-profiler-editor-allocator-block-size=1048576"
    "memorysetup-temp-allocator-size-main=16777216"
    "memorysetup-job-temp-allocator-block-size=2097152"
    "memorysetup-job-temp-allocator-block-size-background=1048576"
    "memorysetup-job-temp-allocator-reduction-small-platforms=262144"
    "memorysetup-allocator-temp-initial-block-size-main=262144"
    "memorysetup-allocator-temp-initial-block-size-worker=262144"
    "memorysetup-temp-allocator-size-background-worker=32768"
    "memorysetup-temp-allocator-size-job-worker=262144"
    "memorysetup-temp-allocator-size-preload-manager=33554432"
    "memorysetup-temp-allocator-size-nav-mesh-worker=65536"
    "memorysetup-temp-allocator-size-audio-worker=65536"
    "memorysetup-temp-allocator-size-cloud-worker=32768"
    "memorysetup-temp-allocator-size-gi-baking-worker=262144"
    "memorysetup-temp-allocator-size-gfx=262144"
Player connection [29320] Host "[IP] 10.100.70.42 [Port] 0 [Flags] 2 [Guid] 1944341727 [EditorId] 1944341727 [Version] 1048832 [Id] WindowsEditor(7,DESKTOP-U9FQ2HB) [Debug] 1 [PackageName] WindowsEditor [ProjectName] Editor" joined multi-casting on [225.0.0.222:54997]...

Player connection [29320] Host "[IP] 10.100.70.42 [Port] 0 [Flags] 2 [Guid] 1944341727 [EditorId] 1944341727 [Version] 1048832 [Id] WindowsEditor(7,DESKTOP-U9FQ2HB) [Debug] 1 [PackageName] WindowsEditor [ProjectName] Editor" joined alternative multi-casting on [225.0.0.222:34997]...

[Physics::Module] Initialized MultithreadedJobDispatcher with 15 workers.
Refreshing native plugins compatible for Editor in 28.81 ms, found 4 plugins.
Preloading 0 native plugins for Editor in 0.00 ms.
Initialize engine version: 2022.3.16f1 (d2c21f0ef2f1)
[Subsystems] Discovering subsystems at path C:/Program Files/Unity/Hub/Editor/2022.3.16f1/Editor/Data/Resources/UnitySubsystems
[Subsystems] Discovering subsystems at path C:/Users/User/TODO/UNITY/REPOSITORIOS/ProgramacionGrafica/Assets
GfxDevice: creating device client; threaded=0; jobified=0
Direct3D:
    Version:  Direct3D 11.0 [level 11.1]
    Renderer: NVIDIA GeForce RTX 4060 Laptop GPU (ID=0x28e0)
    Vendor:   NVIDIA
    VRAM:     7956 MB
    Driver:   32.0.15.9174
Shader 'ASESampleShaders/Terrain/TerrainSnowCoverageFirstPass': dependency 'BaseMapShader' shader 'ASESampleShaders/TerrainBase' not found
Shader 'ASESampleShaders/Terrain/TerrainSnowCoverageFirstPass': dependency 'BaseMapShader' shader 'ASESampleShaders/TerrainBase' not found
Initialize mono
Mono path[0] = 'C:/Program Files/Unity/Hub/Editor/2022.3.16f1/Editor/Data/Managed'
Mono path[1] = 'C:/Program Files/Unity/Hub/Editor/2022.3.16f1/Editor/Data/MonoBleedingEdge/lib/mono/unityjit-win32'
Mono config path = 'C:/Program Files/Unity/Hub/Editor/2022.3.16f1/Editor/Data/MonoBleedingEdge/etc'
Using monoOptions --debugger-agent=transport=dt_socket,embedding=1,server=y,suspend=n,address=127.0.0.1:56428
Begin MonoManager ReloadAssembly
Registering precompiled unity dll's ...
Register platform support module: C:/Program Files/Unity/Hub/Editor/2022.3.16f1/Editor/Data/PlaybackEngines/WindowsStandaloneSupport/UnityEditor.WindowsStandalone.Extensions.dll
Registered in 0.013773 seconds.
- Loaded All Assemblies, in  0.591 seconds
Native extension for WindowsStandalone target not found
Mono: successfully reloaded assembly
- Finished resetting the current domain, in  0.551 seconds
Domain Reload Profiling: 1140ms
	BeginReloadAssembly (175ms)
		ExecutionOrderSort (0ms)
		DisableScriptedObjects (0ms)
		BackupInstance (0ms)
		ReleaseScriptingObjects (0ms)
		CreateAndSetChildDomain (1ms)
	RebuildCommonClasses (62ms)
	RebuildNativeTypeToScriptingClass (16ms)
	initialDomainReloadingComplete (115ms)
	LoadAllAssembliesAndSetupDomain (219ms)
		LoadAssemblies (172ms)
		RebuildTransferFunctionScriptingTraits (0ms)
		AnalyzeDomain (217ms)
			TypeCache.Refresh (214ms)
				TypeCache.ScanAssembly (195ms)
			ScanForSourceGeneratedMonoScriptInfo (1ms)
			ResolveRequiredComponents (1ms)
	FinalizeReload (552ms)
		ReleaseScriptCaches (0ms)
		RebuildScriptCaches (0ms)
		SetupLoadedEditorAssemblies (436ms)
			LogAssemblyErrors (0ms)
			InitializePlatformSupportModulesInManaged (17ms)
			SetLoadedEditorAssemblies (13ms)
			RefreshPlugins (0ms)
			BeforeProcessingInitializeOnLoad (4ms)
			ProcessInitializeOnLoadAttributes (297ms)
			ProcessInitializeOnLoadMethodAttributes (104ms)
			AfterProcessingInitializeOnLoad (0ms)
			EditorAssembliesLoaded (0ms)
		ExecutionOrderSort2 (0ms)
		AwakeInstancesAfterBackupRestoration (0ms)
========================================================================
Worker process is ready to serve import requests
Begin MonoManager ReloadAssembly
- Loaded All Assemblies, in  1.628 seconds
Refreshing native plugins compatible for Editor in 12.45 ms, found 4 plugins.
Native extension for WindowsStandalone target not found
Mono: successfully reloaded assembly
- Finished resetting the current domain, in  1.454 seconds
Domain Reload Profiling: 3074ms
	BeginReloadAssembly (367ms)
		ExecutionOrderSort (0ms)
		DisableScriptedObjects (14ms)
		BackupInstance (0ms)
		ReleaseScriptingObjects (0ms)
		CreateAndSetChildDomain (50ms)
	RebuildCommonClasses (83ms)
	RebuildNativeTypeToScriptingClass (25ms)
	initialDomainReloadingComplete (124ms)
	LoadAllAssembliesAndSetupDomain (1020ms)
		LoadAssemblies (770ms)
		RebuildTransferFunctionScriptingTraits (0ms)
		AnalyzeDomain (461ms)
			TypeCache.Refresh (409ms)
				TypeCache.ScanAssembly (376ms)
			ScanForSourceGeneratedMonoScriptInfo (38ms)
			ResolveRequiredComponents (9ms)
	FinalizeReload (1455ms)
		ReleaseScriptCaches (0ms)
		RebuildScriptCaches (0ms)
		SetupLoadedEditorAssemblies (1040ms)
			LogAssemblyErrors (0ms)
			InitializePlatformSupportModulesInManaged (17ms)
			SetLoadedEditorAssemblies (11ms)
			RefreshPlugins (0ms)
			BeforeProcessingInitializeOnLoad (155ms)
			ProcessInitializeOnLoadAttributes (790ms)
			ProcessInitializeOnLoadMethodAttributes (52ms)
			AfterProcessingInitializeOnLoad (15ms)
			EditorAssembliesLoaded (0ms)
		ExecutionOrderSort2 (0ms)
		AwakeInstancesAfterBackupRestoration (16ms)
Shader 'ASESampleShaders/Terrain/TerrainSnowCoverageFirstPass': dependency 'BaseMapShader' shader 'ASESampleShaders/TerrainBase' not found
Launched and connected shader compiler UnityShaderCompiler.exe after 0.12 seconds
Refreshing native plugins compatible for Editor in 15.49 ms, found 4 plugins.
Preloading 0 native plugins for Editor in 0.00 ms.
Unloading 4332 Unused Serialized files (Serialized files now loaded: 0)
Unloading 43 unused Assets / (61.6 KB). Loaded Objects now: 4801.
Memory consumption went from 289.5 MB to 289.5 MB.
Total: 12.096200 ms (FindLiveObjects: 1.113300 ms CreateObjectMapping: 0.463800 ms MarkObjects: 9.750300 ms  DeleteObjects: 0.763100 ms)

AssetImportParameters requested are different than current active one (requested -> active):
  custom:container-demuxer-ogg: 62fdf1f143b41e24485cea50d1cbac27 -> 
  custom:video-codec-MediaFoundation-h265: 746d11721c4dcdbdad8f713fa42b33f4 -> 
  custom:video-decoder-ogg-theora: a1e56fd34408186e4bbccfd4996cb3dc -> 
  custom:framework-win-MediaFoundation: 216162199b28c13a410421893ffa2e32 -> 
  custom:CustomObjectIndexerAttribute: 43b350a4d6e6d1791af0b5038c4bea17 -> 
  custom:container-demuxer-webm: 4f35f7cbe854078d1ac9338744f61a02 -> 
  custom:container-muxer-webm: aa71ff27fc2769a1b78a27578f13a17b -> 
  custom:video-decoder-webm-vp8: 9c59270c3fd7afecdb556c50c9e8de78 -> 
  custom:SearchIndexIgnoredProperties: e643bd26f0fe6173181afceb89e7c659 -> 
  custom:AudioImporter_EditorPlatform: d09bf68614088b80899f8185d706f6e7 -> 
  custom:video-encoder-webm-vp8: eb34c28f22e8b96e1ab97ce403110664 -> 
  custom:audio-decoder-ogg-vorbis: bf7c407c2cedff20999df2af8eb42d56 -> 
  custom:audio-encoder-webm-vorbis: bf7c407c2cedff20999df2af8eb42d56 -> 
========================================================================
Received Import Request.
  Time since last request: 84766.525776 seconds.
  path: Assets/Scenes/Toto.unity
  artifactKey: Guid(9fc0d4010bbf28b4594072e72b8655ab) Importer(815301076,1909f56bfc062723c751e8b465ee728b)
Start importing Assets/Scenes/Toto.unity using Guid(9fc0d4010bbf28b4594072e72b8655ab) Importer(815301076,1909f56bfc062723c751e8b465ee728b)  -> (artifact id: '06860493c27ab78f079eb21be60df601') in 0.006361 seconds
Number of updated asset objects reloaded before import = 0
Number of asset objects unloaded after import = 0
========================================================================
Received Import Request.
  Time since last request: 317.566493 seconds.
  path: Assets/shaders/Toto/SEGUNDAMITAD/AllUI.shader
  artifactKey: Guid(0e53062b19a6ce84fbbaa58a7969e301) Importer(815301076,1909f56bfc062723c751e8b465ee728b)
Start importing Assets/shaders/Toto/SEGUNDAMITAD/AllUI.shader using Guid(0e53062b19a6ce84fbbaa58a7969e301) Importer(815301076,1909f56bfc062723c751e8b465ee728b)  -> (artifact id: '7491664d7354fb77df7e542f608fcb1d') in 0.025859 seconds
Number of updated asset objects reloaded before import = 0
Number of asset objects unloaded after import = 0
========================================================================
Received Import Request.
  Time since last request: 7.432701 seconds.
  path: Assets/shaders/Toto/EjericioCascada/DepthFade.shader
  artifactKey: Guid(432159326d571e24ba97d4798908afe6) Importer(815301076,1909f56bfc062723c751e8b465ee728b)
Start importing Assets/shaders/Toto/EjericioCascada/DepthFade.shader using Guid(432159326d571e24ba97d4798908afe6) Importer(815301076,1909f56bfc062723c751e8b465ee728b)  -> (artifact id: '6b0cc0f9e640f334550a5afd84a955b4') in 0.001844 seconds
Number of updated asset objects reloaded before import = 0
Number of asset objects unloaded after import = 0
========================================================================
Received Import Request.
  Time since last request: 12.296033 seconds.
  path: Assets/shaders/Toto/EjericioCascada/LerpTexture.shader
  artifactKey: Guid(1e33e349ba372614dbceaa7eeeb93162) Importer(815301076,1909f56bfc062723c751e8b465ee728b)
Start importing Assets/shaders/Toto/EjericioCascada/LerpTexture.shader using Guid(1e33e349ba372614dbceaa7eeeb93162) Importer(815301076,1909f56bfc062723c751e8b465ee728b)  -> (artifact id: '050926864a1c03256b6e4c3fd321f4af') in 0.002224 seconds
Number of updated asset objects reloaded before import = 0
Number of asset objects unloaded after import = 0
========================================================================
Received Import Request.
  Time since last request: 443.562322 seconds.
  path: Assets/shaders/Toto/SEGUNDAMITAD/StencilMask.shader
  artifactKey: Guid(246bb18394a6ea6469a93cbabc8e0802) Importer(815301076,1909f56bfc062723c751e8b465ee728b)
Start importing Assets/shaders/Toto/SEGUNDAMITAD/StencilMask.shader using Guid(246bb18394a6ea6469a93cbabc8e0802) Importer(815301076,1909f56bfc062723c751e8b465ee728b)  -> (artifact id: '75a190dbbbe1be5d07d4533898444ff4') in 0.005518 seconds
Number of updated asset objects reloaded before import = 0
Number of asset objects unloaded after import = 1
========================================================================
Received Import Request.
  Time since last request: 6.986185 seconds.
  path: Assets/shaders/Toto/SEGUNDAMITAD/StencilMask.mat
  artifactKey: Guid(dc2ac7fb14ae1eb4bbeb1491e7ec0223) Importer(815301076,1909f56bfc062723c751e8b465ee728b)
Start importing Assets/shaders/Toto/SEGUNDAMITAD/StencilMask.mat using Guid(dc2ac7fb14ae1eb4bbeb1491e7ec0223) Importer(815301076,1909f56bfc062723c751e8b465ee728b)  -> (artifact id: 'fdeb825d6af1b063c73f55a06005e959') in 0.220285 seconds
Number of updated asset objects reloaded before import = 0
Number of asset objects unloaded after import = 2
========================================================================
Received Import Request.
  Time since last request: 1238.523116 seconds.
  path: Assets/shaders/Toto/SEGUNDAMITAD/Reader.shader
  artifactKey: Guid(edbba131901bb7e4fa7cd883caddcf40) Importer(815301076,1909f56bfc062723c751e8b465ee728b)
Start importing Assets/shaders/Toto/SEGUNDAMITAD/Reader.shader using Guid(edbba131901bb7e4fa7cd883caddcf40) Importer(815301076,1909f56bfc062723c751e8b465ee728b)  -> (artifact id: 'bfe8de65913c3e4ca26ecbeea27954bf') in 0.005975 seconds
Number of updated asset objects reloaded before import = 0
Number of asset objects unloaded after import = 1
========================================================================
Received Import Request.
  Time since last request: 15.468323 seconds.
  path: Assets/shaders/Toto/SEGUNDAMITAD/Reader.mat
  artifactKey: Guid(333c61ce6928c5f43947cf7ff374f402) Importer(815301076,1909f56bfc062723c751e8b465ee728b)
Start importing Assets/shaders/Toto/SEGUNDAMITAD/Reader.mat using Guid(333c61ce6928c5f43947cf7ff374f402) Importer(815301076,1909f56bfc062723c751e8b465ee728b)  -> (artifact id: 'f0bd74c6a9786394d9eb9ee56a8f70da') in 0.343807 seconds
Number of updated asset objects reloaded before import = 0
Number of asset objects unloaded after import = 2
========================================================================
Received Import Request.
  Time since last request: 166.823532 seconds.
  path: Assets/shaders/Toto/SEGUNDAMITAD/Reader.mat
  artifactKey: Guid(333c61ce6928c5f43947cf7ff374f402) Importer(815301076,1909f56bfc062723c751e8b465ee728b)
Start importing Assets/shaders/Toto/SEGUNDAMITAD/Reader.mat using Guid(333c61ce6928c5f43947cf7ff374f402) Importer(815301076,1909f56bfc062723c751e8b465ee728b)  -> (artifact id: 'be95d82c253717dcfee073f927ed44e7') in 0.265761 seconds
Number of updated asset objects reloaded before import = 0
Number of asset objects unloaded after import = 2
========================================================================
Received Import Request.
  Time since last request: 30.478410 seconds.
  path: Assets/shaders/Toto/SEGUNDAMITAD/Reader.mat
  artifactKey: Guid(333c61ce6928c5f43947cf7ff374f402) Importer(815301076,1909f56bfc062723c751e8b465ee728b)
Start importing Assets/shaders/Toto/SEGUNDAMITAD/Reader.mat using Guid(333c61ce6928c5f43947cf7ff374f402) Importer(815301076,1909f56bfc062723c751e8b465ee728b)  -> (artifact id: '316aaf596b90feaa0302eb7a0846fde9') in 0.386084 seconds
Number of updated asset objects reloaded before import = 0
Number of asset objects unloaded after import = 2
========================================================================
Received Import Request.
  Time since last request: 19.766848 seconds.
  path: Assets/shaders/Toto/SEGUNDAMITAD/StencilMask.mat
  artifactKey: Guid(dc2ac7fb14ae1eb4bbeb1491e7ec0223) Importer(815301076,1909f56bfc062723c751e8b465ee728b)
Start importing Assets/shaders/Toto/SEGUNDAMITAD/StencilMask.mat using Guid(dc2ac7fb14ae1eb4bbeb1491e7ec0223) Importer(815301076,1909f56bfc062723c751e8b465ee728b)  -> (artifact id: '7866648dccbd08be76ac39922d3244c6') in 0.039283 seconds
Number of updated asset objects reloaded before import = 0
Number of asset objects unloaded after import = 2
========================================================================
Received Import Request.
  Time since last request: 13.724994 seconds.
  path: Assets/shaders/Toto/SEGUNDAMITAD/StencilMask.mat
  artifactKey: Guid(dc2ac7fb14ae1eb4bbeb1491e7ec0223) Importer(815301076,1909f56bfc062723c751e8b465ee728b)
Start importing Assets/shaders/Toto/SEGUNDAMITAD/StencilMask.mat using Guid(dc2ac7fb14ae1eb4bbeb1491e7ec0223) Importer(815301076,1909f56bfc062723c751e8b465ee728b)  -> (artifact id: '6bf028e2a2672dd85ccdea05d0d5d4cc') in 0.046478 seconds
Number of updated asset objects reloaded before import = 0
Number of asset objects unloaded after import = 2
========================================================================
Received Import Request.
  Time since last request: 128.738443 seconds.
  path: Assets/AmplifyShaderEditor/Examples/Built-In/AnimatedFire/AnimatedFire.mat
  artifactKey: Guid(63ea5eae6d954a14292033589d0d4275) Importer(815301076,1909f56bfc062723c751e8b465ee728b)
Start importing Assets/AmplifyShaderEditor/Examples/Built-In/AnimatedFire/AnimatedFire.mat using Guid(63ea5eae6d954a14292033589d0d4275) Importer(815301076,1909f56bfc062723c751e8b465ee728b)  -> (artifact id: '6a6f52d1c9e32f08c2029e59350f3733') in 0.198544 seconds
Number of updated asset objects reloaded before import = 0
Number of asset objects unloaded after import = 6
========================================================================
Received Import Request.
  Time since last request: 0.666705 seconds.
  path: Assets/TextMesh Pro/Fonts/LiberationSans.ttf
  artifactKey: Guid(e3265ab4bf004d28a9537516768c1c75) Importer(815301076,1909f56bfc062723c751e8b465ee728b)
Start importing Assets/TextMesh Pro/Fonts/LiberationSans.ttf using Guid(e3265ab4bf004d28a9537516768c1c75) Importer(815301076,1909f56bfc062723c751e8b465ee728b)  -> (artifact id: '8756f7c291147a75e95d0f4a0d9e7e56') in 0.084926 seconds
Number of updated asset objects reloaded before import = 0
Number of asset objects unloaded after import = 4
========================================================================
Received Import Request.
  Time since last request: 3.341835 seconds.
  path: Assets/AmplifyShaderEditor/Plugins/EditorResources/UI/Canvas/Materials/MaterialModeIcon.mat
  artifactKey: Guid(12212aae6b2f5c04da8edc887643d5d8) Importer(815301076,1909f56bfc062723c751e8b465ee728b)
Start importing Assets/AmplifyShaderEditor/Plugins/EditorResources/UI/Canvas/Materials/MaterialModeIcon.mat using Guid(12212aae6b2f5c04da8edc887643d5d8) Importer(815301076,1909f56bfc062723c751e8b465ee728b)  -> (artifact id: '7a2dc2b97d3d31f8b71cb800cc9b0732') in 0.067654 seconds
Number of updated asset objects reloaded before import = 0
Number of asset objects unloaded after import = 2
========================================================================
Received Import Request.
  Time since last request: 63.713135 seconds.
  path: Assets/shaders/Toto/SEGUNDAMITAD/Materials
  artifactKey: Guid(62206ed016bedf14a911e8e9b3c790f0) Importer(815301076,1909f56bfc062723c751e8b465ee728b)
Start importing Assets/shaders/Toto/SEGUNDAMITAD/Materials using Guid(62206ed016bedf14a911e8e9b3c790f0) Importer(815301076,1909f56bfc062723c751e8b465ee728b)  -> (artifact id: '49421cdfd312b1ef3f33db08f5da467f') in 0.002137 seconds
Number of updated asset objects reloaded before import = 0
Number of asset objects unloaded after import = 0
========================================================================
Received Import Request.
  Time since last request: 0.068761 seconds.
  path: Assets/shaders/Toto/SEGUNDAMITAD/Materials/New Render Texture.mat
  artifactKey: Guid(905eb72693c3fcd4ea3917a506b1e83e) Importer(815301076,1909f56bfc062723c751e8b465ee728b)
Start importing Assets/shaders/Toto/SEGUNDAMITAD/Materials/New Render Texture.mat using Guid(905eb72693c3fcd4ea3917a506b1e83e) Importer(815301076,1909f56bfc062723c751e8b465ee728b) Error assigning 3D texture to 2D texture property '_MainTex': Dimensions must match
UnityEngine.StackTraceUtility:ExtractStackTrace ()
UnityEngine.Material:HasProperty (string)
UnityEditor.Utils.PerformanceChecks:CheckMaterial (UnityEngine.Material,UnityEditor.BuildTarget)
UnityEditor.MaterialEditor:PropertiesChanged ()
UnityEditor.MaterialEditor:OnEnable ()
UnityEditor.Editor:CreateEditorWithContext (UnityEngine.Object[],UnityEngine.Object,System.Type)
UnityEditor.Editor:CreateEditor (UnityEngine.Object,System.Type)
UnityEditor.Editor:CreateEditor (UnityEngine.Object)
UnityEditor.AssetPreviewUpdater:CreatePreview (UnityEngine.Object,UnityEngine.Object[],string,int,int)
UnityEditor.AssetPreviewUpdater:CreatePreviewForAsset (UnityEngine.Object,UnityEngine.Object[],string)

[C:\build\output\unity\unity\Runtime\Shaders\ShaderImpl\ShaderTextureProperty.h line 41]

 -> (artifact id: 'a6d7252227acea347953abb05d79fdf2') in 0.039524 seconds
Number of updated asset objects reloaded before import = 0
Number of asset objects unloaded after import = 2
========================================================================
Received Import Request.
  Time since last request: 73.565416 seconds.
  path: Assets/AmplifyShaderEditor/Examples/Built-In/StencilExample/RefractionsPanels/AnimatedRefractionBlue.mat
  artifactKey: Guid(ca405353e0ac8b349866703f4ca689fd) Importer(815301076,1909f56bfc062723c751e8b465ee728b)
Start importing Assets/AmplifyShaderEditor/Examples/Built-In/StencilExample/RefractionsPanels/AnimatedRefractionBlue.mat using Guid(ca405353e0ac8b349866703f4ca689fd) Importer(815301076,1909f56bfc062723c751e8b465ee728b)  -> (artifact id: '6fea0991144aac04f277b80df58b0db7') in 0.092897 seconds
Number of updated asset objects reloaded before import = 0
Number of asset objects unloaded after import = 2
========================================================================
Received Import Request.
  Time since last request: 0.000047 seconds.
  path: Assets/AmplifyShaderEditor/Examples/Built-In/AnimatedUVDistortion/AnimatedUVDistortion.mat
  artifactKey: Guid(92c807cb5cbfe4f469c3292203fea271) Importer(815301076,1909f56bfc062723c751e8b465ee728b)
Start importing Assets/AmplifyShaderEditor/Examples/Built-In/AnimatedUVDistortion/AnimatedUVDistortion.mat using Guid(92c807cb5cbfe4f469c3292203fea271) Importer(815301076,1909f56bfc062723c751e8b465ee728b)  -> (artifact id: '904a822451f7c918c05d04141d43e6d0') in 0.134059 seconds
Number of updated asset objects reloaded before import = 0
Number of asset objects unloaded after import = 3
========================================================================
Received Import Request.
  Time since last request: 0.000022 seconds.
  path: Assets/AmplifyShaderEditor/Examples/Built-In/StencilExample/RefractionsPanels/AnimatedRefractionWhite.mat
  artifactKey: Guid(98006471f046a5647a9428392c010550) Importer(815301076,1909f56bfc062723c751e8b465ee728b)
Start importing Assets/AmplifyShaderEditor/Examples/Built-In/StencilExample/RefractionsPanels/AnimatedRefractionWhite.mat using Guid(98006471f046a5647a9428392c010550) Importer(815301076,1909f56bfc062723c751e8b465ee728b)  -> (artifact id: '6f0da274021e7452a21249d738e31272') in 0.024355 seconds
Number of updated asset objects reloaded before import = 0
Number of asset objects unloaded after import = 2
========================================================================
Received Import Request.
  Time since last request: 2.759066 seconds.
  path: Assets/AmplifyShaderEditor/Examples/Built-In/PlaneClip/Materials
  artifactKey: Guid(9414b14ee88312844b992ea4b2a02002) Importer(815301076,1909f56bfc062723c751e8b465ee728b)
Start importing Assets/AmplifyShaderEditor/Examples/Built-In/PlaneClip/Materials using Guid(9414b14ee88312844b992ea4b2a02002) Importer(815301076,1909f56bfc062723c751e8b465ee728b)  -> (artifact id: '4601cce94b89dc948d084d4bf0f8fe5b') in 0.001598 seconds
Number of updated asset objects reloaded before import = 0
Number of asset objects unloaded after import = 0
========================================================================
Received Import Request.
  Time since last request: 0.104650 seconds.
  path: Assets/AmplifyShaderEditor/Examples/Built-In/PlaneClip/Materials/base.mat
  artifactKey: Guid(564b967f5e035ab45b4bd1e9bc9e2fa0) Importer(815301076,1909f56bfc062723c751e8b465ee728b)
Start importing Assets/AmplifyShaderEditor/Examples/Built-In/PlaneClip/Materials/base.mat using Guid(564b967f5e035ab45b4bd1e9bc9e2fa0) Importer(815301076,1909f56bfc062723c751e8b465ee728b)  -> (artifact id: '9ef515fa1aa26938e16253f7c81d9d0d') in 0.154362 seconds
Number of updated asset objects reloaded before import = 0
Number of asset objects unloaded after import = 3
========================================================================
Received Import Request.
  Time since last request: 0.000048 seconds.
  path: Assets/AmplifyShaderEditor/Examples/Built-In/PlaneClip/Materials/road.mat
  artifactKey: Guid(674c7567d0fc65e40bda047d89de3ae0) Importer(815301076,1909f56bfc062723c751e8b465ee728b)
Start importing Assets/AmplifyShaderEditor/Examples/Built-In/PlaneClip/Materials/road.mat using Guid(674c7567d0fc65e40bda047d89de3ae0) Importer(815301076,1909f56bfc062723c751e8b465ee728b)  -> (artifact id: '2e7046a83a019c4860703a9003445d70') in 0.031747 seconds
Number of updated asset objects reloaded before import = 0
Number of asset objects unloaded after import = 3
========================================================================
Received Import Request.
  Time since last request: 0.000040 seconds.
  path: Assets/AmplifyShaderEditor/Examples/Built-In/PlaneClip/Materials/embankment_02.mat
  artifactKey: Guid(e70f9ff59ace5cf45bc2633bda942f53) Importer(815301076,1909f56bfc062723c751e8b465ee728b)
Start importing Assets/AmplifyShaderEditor/Examples/Built-In/PlaneClip/Materials/embankment_02.mat using Guid(e70f9ff59ace5cf45bc2633bda942f53) Importer(815301076,1909f56bfc062723c751e8b465ee728b)  -> (artifact id: '5dffdc707f7a103bc890a00a41149c7d') in 0.029202 seconds
Number of updated asset objects reloaded before import = 0
Number of asset objects unloaded after import = 3
========================================================================
Received Import Request.
  Time since last request: 0.000039 seconds.
  path: Assets/AmplifyShaderEditor/Examples/Built-In/PlaneClip/Materials/embankment_01.mat
  artifactKey: Guid(da0ecd25f4ffde0449c4de829e2fd253) Importer(815301076,1909f56bfc062723c751e8b465ee728b)
Start importing Assets/AmplifyShaderEditor/Examples/Built-In/PlaneClip/Materials/embankment_01.mat using Guid(da0ecd25f4ffde0449c4de829e2fd253) Importer(815301076,1909f56bfc062723c751e8b465ee728b)  -> (artifact id: '436ce753a3ec02856ddd5d14f5d8620f') in 0.031824 seconds
Number of updated asset objects reloaded before import = 0
Number of asset objects unloaded after import = 3
========================================================================
Received Import Request.
  Time since last request: 0.000048 seconds.
  path: Assets/AmplifyShaderEditor/Examples/Built-In/PlaneClip/Materials/foundation.mat
  artifactKey: Guid(c64c850baa4d5e84c9c62d9924bdb3ec) Importer(815301076,1909f56bfc062723c751e8b465ee728b)
Start importing Assets/AmplifyShaderEditor/Examples/Built-In/PlaneClip/Materials/foundation.mat using Guid(c64c850baa4d5e84c9c62d9924bdb3ec) Importer(815301076,1909f56bfc062723c751e8b465ee728b)  -> (artifact id: '93c19680d41f226dd151a2f5324d951e') in 0.022609 seconds
Number of updated asset objects reloaded before import = 0
Number of asset objects unloaded after import = 3
========================================================================
Received Import Request.
  Time since last request: 2.009520 seconds.
  path: Assets/AmplifyShaderEditor/Examples/Built-In/PlaneClip/ClipArea.mat
  artifactKey: Guid(4e1f60a36beb7dd43a84f5a36992494f) Importer(815301076,1909f56bfc062723c751e8b465ee728b)
Start importing Assets/AmplifyShaderEditor/Examples/Built-In/PlaneClip/ClipArea.mat using Guid(4e1f60a36beb7dd43a84f5a36992494f) Importer(815301076,1909f56bfc062723c751e8b465ee728b)  -> (artifact id: 'a08be9598bcddfb8212d7842a39f844a') in 0.257803 seconds
Number of updated asset objects reloaded before import = 0
Number of asset objects unloaded after import = 2
Editor requested this worker to shutdown with reason: Scaling down because of idle timeout
TcpMessagingSession - receive error: operation aborted. errorcode: 995, details: La operación de E/S se anuló por una salida de subproceso o por una solicitud de aplicación.
AssetImportWorker is now disconnected from the server
Process exiting
Exiting without the bug reporter. Application will terminate with return code 0