Using pre-set license
Built from '2022.3/staging' branch; Version is '2022.3.16f1 (d2c21f0ef2f1) revision 13812255'; Using compiler version '192829333'; Build Type 'Release'
OS: 'Windows 11  (10.0.26200) 64bit Professional' Language: 'es' Physical Memory: 16011 MB
BatchMode: 1, IsHumanControllingUs: 0, StartBugReporterOnCrash: 0, Is64bit: 1, IsPro: 1

COMMAND LINE ARGUMENTS:
C:\Program Files\Unity\Hub\Editor\2022.3.16f1\Editor\Unity.exe
-adb2
-batchMode
-noUpm
-name
AssetImportWorker2
-projectPath
C:/Users/User/TODO/UNITY/REPOSITORIOS/ProgramacionGrafica
-logFile
Logs/AssetImportWorker2.log
-srvPort
51496
Successfully changed project path to: C:/Users/User/TODO/UNITY/REPOSITORIOS/ProgramacionGrafica
C:/Users/User/TODO/UNITY/REPOSITORIOS/ProgramacionGrafica
[UnityMemory] Configuration Parameters - Can be set up in boot.config
    "memorysetup-bucket-allocator-granularity=16"
    "memorysetup-bucket-allocator-bucket-count=8"
    "memorysetup-bucket-allocator-block-size=33554432"
    "memorysetup-bucket-allocator-block-count=8"
    "memorysetup-main-allocator-block-size=16777216"
    "memorysetup-thread-allocator-block-size=16777216"
    "memorysetup-gfx-main-allocator-block-size=16777216"
    "memorysetup-gfx-thread-allocator-block-size=16777216"
    "memorysetup-cache-allocator-block-size=4194304"
    "memorysetup-typetree-allocator-block-size=2097152"
    "memorysetup-profiler-bucket-allocator-granularity=16"
    "memorysetup-profiler-bucket-allocator-bucket-count=8"
    "memorysetup-profiler-bucket-allocator-block-size=33554432"
    "memorysetup-profiler-bucket-allocator-block-count=8"
    "memorysetup-profiler-allocator-block-size=16777216"
    "memorysetup-profiler-editor-allocator-block-size=1048576"
    "memorysetup-temp-allocator-size-main=16777216"
    "memorysetup-job-temp-allocator-block-size=2097152"
    "memorysetup-job-temp-allocator-block-size-background=1048576"
    "memorysetup-job-temp-allocator-reduction-small-platforms=262144"
    "memorysetup-allocator-temp-initial-block-size-main=262144"
    "memorysetup-allocator-temp-initial-block-size-worker=262144"
    "memorysetup-temp-allocator-size-background-worker=32768"
    "memorysetup-temp-allocator-size-job-worker=262144"
    "memorysetup-temp-allocator-size-preload-manager=33554432"
    "memorysetup-temp-allocator-size-nav-mesh-worker=65536"
    "memorysetup-temp-allocator-size-audio-worker=65536"
    "memorysetup-temp-allocator-size-cloud-worker=32768"
    "memorysetup-temp-allocator-size-gi-baking-worker=262144"
    "memorysetup-temp-allocator-size-gfx=262144"
Player connection [12280] Host "[IP] 10.100.70.42 [Port] 0 [Flags] 2 [Guid] 1834987288 [EditorId] 1834987288 [Version] 1048832 [Id] WindowsEditor(7,DESKTOP-U9FQ2HB) [Debug] 1 [PackageName] WindowsEditor [ProjectName] Editor" joined multi-casting on [225.0.0.222:54997]...

Player connection [12280] Host "[IP] 10.100.70.42 [Port] 0 [Flags] 2 [Guid] 1834987288 [EditorId] 1834987288 [Version] 1048832 [Id] WindowsEditor(7,DESKTOP-U9FQ2HB) [Debug] 1 [PackageName] WindowsEditor [ProjectName] Editor" joined alternative multi-casting on [225.0.0.222:34997]...

[Physics::Module] Initialized MultithreadedJobDispatcher with 15 workers.
Refreshing native plugins compatible for Editor in 18.18 ms, found 4 plugins.
Preloading 0 native plugins for Editor in 0.00 ms.
Initialize engine version: 2022.3.16f1 (d2c21f0ef2f1)
[Subsystems] Discovering subsystems at path C:/Program Files/Unity/Hub/Editor/2022.3.16f1/Editor/Data/Resources/UnitySubsystems
[Subsystems] Discovering subsystems at path C:/Users/User/TODO/UNITY/REPOSITORIOS/ProgramacionGrafica/Assets
GfxDevice: creating device client; threaded=0; jobified=0
Direct3D:
    Version:  Direct3D 11.0 [level 11.1]
    Renderer: NVIDIA GeForce RTX 4060 Laptop GPU (ID=0x28e0)
    Vendor:   NVIDIA
    VRAM:     7956 MB
    Driver:   32.0.15.9174
Shader 'ASESampleShaders/Terrain/TerrainSnowCoverageFirstPass': dependency 'BaseMapShader' shader 'ASESampleShaders/TerrainBase' not found
Shader 'ASESampleShaders/Terrain/TerrainSnowCoverageFirstPass': dependency 'BaseMapShader' shader 'ASESampleShaders/TerrainBase' not found
Initialize mono
Mono path[0] = 'C:/Program Files/Unity/Hub/Editor/2022.3.16f1/Editor/Data/Managed'
Mono path[1] = 'C:/Program Files/Unity/Hub/Editor/2022.3.16f1/Editor/Data/MonoBleedingEdge/lib/mono/unityjit-win32'
Mono config path = 'C:/Program Files/Unity/Hub/Editor/2022.3.16f1/Editor/Data/MonoBleedingEdge/etc'
Using monoOptions --debugger-agent=transport=dt_socket,embedding=1,server=y,suspend=n,address=127.0.0.1:56828
Begin MonoManager ReloadAssembly
Registering precompiled unity dll's ...
Register platform support module: C:/Program Files/Unity/Hub/Editor/2022.3.16f1/Editor/Data/PlaybackEngines/WindowsStandaloneSupport/UnityEditor.WindowsStandalone.Extensions.dll
Registered in 0.011302 seconds.
- Loaded All Assemblies, in  0.534 seconds
Native extension for WindowsStandalone target not found
Mono: successfully reloaded assembly
- Finished resetting the current domain, in  0.508 seconds
Domain Reload Profiling: 1040ms
	BeginReloadAssembly (169ms)
		ExecutionOrderSort (0ms)
		DisableScriptedObjects (0ms)
		BackupInstance (0ms)
		ReleaseScriptingObjects (0ms)
		CreateAndSetChildDomain (1ms)
	RebuildCommonClasses (48ms)
	RebuildNativeTypeToScriptingClass (16ms)
	initialDomainReloadingComplete (102ms)
	LoadAllAssembliesAndSetupDomain (198ms)
		LoadAssemblies (166ms)
		RebuildTransferFunctionScriptingTraits (0ms)
		AnalyzeDomain (195ms)
			TypeCache.Refresh (192ms)
				TypeCache.ScanAssembly (171ms)
			ScanForSourceGeneratedMonoScriptInfo (1ms)
			ResolveRequiredComponents (1ms)
	FinalizeReload (509ms)
		ReleaseScriptCaches (0ms)
		RebuildScriptCaches (0ms)
		SetupLoadedEditorAssemblies (396ms)
			LogAssemblyErrors (0ms)
			InitializePlatformSupportModulesInManaged (14ms)
			SetLoadedEditorAssemblies (18ms)
			RefreshPlugins (0ms)
			BeforeProcessingInitializeOnLoad (3ms)
			ProcessInitializeOnLoadAttributes (267ms)
			ProcessInitializeOnLoadMethodAttributes (93ms)
			AfterProcessingInitializeOnLoad (0ms)
			EditorAssembliesLoaded (0ms)
		ExecutionOrderSort2 (0ms)
		AwakeInstancesAfterBackupRestoration (0ms)
========================================================================
Worker process is ready to serve import requests
Begin MonoManager ReloadAssembly
- Loaded All Assemblies, in  1.022 seconds
Refreshing native plugins compatible for Editor in 7.04 ms, found 4 plugins.
Native extension for WindowsStandalone target not found
Mono: successfully reloaded assembly
- Finished resetting the current domain, in  0.921 seconds
Domain Reload Profiling: 1940ms
	BeginReloadAssembly (273ms)
		ExecutionOrderSort (0ms)
		DisableScriptedObjects (15ms)
		BackupInstance (0ms)
		ReleaseScriptingObjects (0ms)
		CreateAndSetChildDomain (38ms)
	RebuildCommonClasses (55ms)
	RebuildNativeTypeToScriptingClass (12ms)
	initialDomainReloadingComplete (57ms)
	LoadAllAssembliesAndSetupDomain (620ms)
		LoadAssemblies (477ms)
		RebuildTransferFunctionScriptingTraits (0ms)
		AnalyzeDomain (285ms)
			TypeCache.Refresh (255ms)
				TypeCache.ScanAssembly (239ms)
			ScanForSourceGeneratedMonoScriptInfo (23ms)
			ResolveRequiredComponents (4ms)
	FinalizeReload (922ms)
		ReleaseScriptCaches (0ms)
		RebuildScriptCaches (0ms)
		SetupLoadedEditorAssemblies (651ms)
			LogAssemblyErrors (0ms)
			InitializePlatformSupportModulesInManaged (11ms)
			SetLoadedEditorAssemblies (7ms)
			RefreshPlugins (0ms)
			BeforeProcessingInitializeOnLoad (94ms)
			ProcessInitializeOnLoadAttributes (498ms)
			ProcessInitializeOnLoadMethodAttributes (30ms)
			AfterProcessingInitializeOnLoad (11ms)
			EditorAssembliesLoaded (0ms)
		ExecutionOrderSort2 (0ms)
		AwakeInstancesAfterBackupRestoration (11ms)
Shader 'ASESampleShaders/Terrain/TerrainSnowCoverageFirstPass': dependency 'BaseMapShader' shader 'ASESampleShaders/TerrainBase' not found
Launched and connected shader compiler UnityShaderCompiler.exe after 0.09 seconds
Refreshing native plugins compatible for Editor in 15.43 ms, found 4 plugins.
Preloading 0 native plugins for Editor in 0.00 ms.
Unloading 4334 Unused Serialized files (Serialized files now loaded: 0)
Unloading 43 unused Assets / (61.9 KB). Loaded Objects now: 4803.
Memory consumption went from 290.5 MB to 290.4 MB.
Total: 4.313600 ms (FindLiveObjects: 0.362000 ms CreateObjectMapping: 0.269400 ms MarkObjects: 3.513100 ms  DeleteObjects: 0.162700 ms)

AssetImportParameters requested are different than current active one (requested -> active):
  custom:container-demuxer-ogg: 62fdf1f143b41e24485cea50d1cbac27 -> 
  custom:video-codec-MediaFoundation-h265: 746d11721c4dcdbdad8f713fa42b33f4 -> 
  custom:video-decoder-ogg-theora: a1e56fd34408186e4bbccfd4996cb3dc -> 
  custom:framework-win-MediaFoundation: 216162199b28c13a410421893ffa2e32 -> 
  custom:CustomObjectIndexerAttribute: 43b350a4d6e6d1791af0b5038c4bea17 -> 
  custom:container-demuxer-webm: 4f35f7cbe854078d1ac9338744f61a02 -> 
  custom:container-muxer-webm: aa71ff27fc2769a1b78a27578f13a17b -> 
  custom:video-decoder-webm-vp8: 9c59270c3fd7afecdb556c50c9e8de78 -> 
  custom:SearchIndexIgnoredProperties: e643bd26f0fe6173181afceb89e7c659 -> 
  custom:AudioImporter_EditorPlatform: d09bf68614088b80899f8185d706f6e7 -> 
  custom:video-encoder-webm-vp8: eb34c28f22e8b96e1ab97ce403110664 -> 
  custom:audio-decoder-ogg-vorbis: bf7c407c2cedff20999df2af8eb42d56 -> 
  custom:audio-encoder-webm-vorbis: bf7c407c2cedff20999df2af8eb42d56 -> 
========================================================================
Received Import Request.
  Time since last request: 87322.042432 seconds.
  path: Assets/AmplifyShaderEditor/Examples/Built-In/Community Skybox Cubemap Extended/Meshes/Materials
  artifactKey: Guid(643696e12ede46d4db063a22cb7ea6a4) Importer(815301076,1909f56bfc062723c751e8b465ee728b)
Start importing Assets/AmplifyShaderEditor/Examples/Built-In/Community Skybox Cubemap Extended/Meshes/Materials using Guid(643696e12ede46d4db063a22cb7ea6a4) Importer(815301076,1909f56bfc062723c751e8b465ee728b)  -> (artifact id: 'd10ab9b7e08aed4df9b9dc07954fd280') in 0.006893 seconds
Number of updated asset objects reloaded before import = 0
Number of asset objects unloaded after import = 0
========================================================================
Received Import Request.
  Time since last request: 0.386274 seconds.
  path: Assets/AmplifyShaderEditor/Examples/Built-In/Community Skybox Cubemap Extended/Meshes/Materials/01 - Default.mat
  artifactKey: Guid(800ec33a9c0fe564b9b72cdd97dc8d9e) Importer(815301076,1909f56bfc062723c751e8b465ee728b)
Start importing Assets/AmplifyShaderEditor/Examples/Built-In/Community Skybox Cubemap Extended/Meshes/Materials/01 - Default.mat using Guid(800ec33a9c0fe564b9b72cdd97dc8d9e) Importer(815301076,1909f56bfc062723c751e8b465ee728b)  -> (artifact id: '6c1f936f8b9f45270d4d600117679fb6') in 0.265182 seconds
Number of updated asset objects reloaded before import = 0
Number of asset objects unloaded after import = 1
========================================================================
Received Import Request.
  Time since last request: 78.933886 seconds.
  path: Assets/shaders/Toto/SEGUNDAMITAD/StencilMask.mat
  artifactKey: Guid(dc2ac7fb14ae1eb4bbeb1491e7ec0223) Importer(815301076,1909f56bfc062723c751e8b465ee728b)
Start importing Assets/shaders/Toto/SEGUNDAMITAD/StencilMask.mat using Guid(dc2ac7fb14ae1eb4bbeb1491e7ec0223) Importer(815301076,1909f56bfc062723c751e8b465ee728b)  -> (artifact id: 'ad6485f7ed962502e0189911dda25338') in 0.017397 seconds
Number of updated asset objects reloaded before import = 0
Number of asset objects unloaded after import = 1
========================================================================
Received Import Request.
  Time since last request: 190.206311 seconds.
  path: Assets/shaders/Toto/SEGUNDAMITAD/Reader.mat
  artifactKey: Guid(333c61ce6928c5f43947cf7ff374f402) Importer(815301076,1909f56bfc062723c751e8b465ee728b)
Start importing Assets/shaders/Toto/SEGUNDAMITAD/Reader.mat using Guid(333c61ce6928c5f43947cf7ff374f402) Importer(815301076,1909f56bfc062723c751e8b465ee728b)  -> (artifact id: 'fee584b9231283268d4d86ffaae98a3a') in 0.025706 seconds
Number of updated asset objects reloaded before import = 1
Number of asset objects unloaded after import = 2
========================================================================
Received Import Request.
  Time since last request: 150.281909 seconds.
  path: Assets/shaders/Toto/SEGUNDAMITAD/Reader.mat
  artifactKey: Guid(333c61ce6928c5f43947cf7ff374f402) Importer(815301076,1909f56bfc062723c751e8b465ee728b)
Start importing Assets/shaders/Toto/SEGUNDAMITAD/Reader.mat using Guid(333c61ce6928c5f43947cf7ff374f402) Importer(815301076,1909f56bfc062723c751e8b465ee728b)  -> (artifact id: '0efc8959af6c82489507556ab7809b1e') in 0.020449 seconds
Number of updated asset objects reloaded before import = 2
Number of asset objects unloaded after import = 2
========================================================================
Received Import Request.
  Time since last request: 23.019862 seconds.
  path: Assets/shaders/Toto/SEGUNDAMITAD/Reader.mat
  artifactKey: Guid(333c61ce6928c5f43947cf7ff374f402) Importer(815301076,1909f56bfc062723c751e8b465ee728b)
Start importing Assets/shaders/Toto/SEGUNDAMITAD/Reader.mat using Guid(333c61ce6928c5f43947cf7ff374f402) Importer(815301076,1909f56bfc062723c751e8b465ee728b)  -> (artifact id: '7bdffb3d861f37eaa42bbf3853c6f084') in 0.040767 seconds
Number of updated asset objects reloaded before import = 1
Number of asset objects unloaded after import = 2
========================================================================
Received Import Request.
  Time since last request: 22.031824 seconds.
  path: Assets/shaders/Toto/SEGUNDAMITAD/Reader.mat
  artifactKey: Guid(333c61ce6928c5f43947cf7ff374f402) Importer(815301076,1909f56bfc062723c751e8b465ee728b)
Start importing Assets/shaders/Toto/SEGUNDAMITAD/Reader.mat using Guid(333c61ce6928c5f43947cf7ff374f402) Importer(815301076,1909f56bfc062723c751e8b465ee728b)  -> (artifact id: '17275c49b7c161b80945b014bc106cf7') in 0.016964 seconds
Number of updated asset objects reloaded before import = 1
Number of asset objects unloaded after import = 2
========================================================================
Received Import Request.
  Time since last request: 12.782898 seconds.
  path: Assets/shaders/Toto/SEGUNDAMITAD/Reader.mat
  artifactKey: Guid(333c61ce6928c5f43947cf7ff374f402) Importer(815301076,1909f56bfc062723c751e8b465ee728b)
Start importing Assets/shaders/Toto/SEGUNDAMITAD/Reader.mat using Guid(333c61ce6928c5f43947cf7ff374f402) Importer(815301076,1909f56bfc062723c751e8b465ee728b)  -> (artifact id: '7ed18048b53e010985a02070f76ccaea') in 0.239061 seconds
Number of updated asset objects reloaded before import = 1
Number of asset objects unloaded after import = 2
========================================================================
Received Import Request.
  Time since last request: 11.407808 seconds.
  path: Assets/shaders/Toto/SEGUNDAMITAD/Reader.mat
  artifactKey: Guid(333c61ce6928c5f43947cf7ff374f402) Importer(815301076,1909f56bfc062723c751e8b465ee728b)
Start importing Assets/shaders/Toto/SEGUNDAMITAD/Reader.mat using Guid(333c61ce6928c5f43947cf7ff374f402) Importer(815301076,1909f56bfc062723c751e8b465ee728b)  -> (artifact id: '9d05babd39fa13a5afeb41c3266822eb') in 0.219808 seconds
Number of updated asset objects reloaded before import = 1
Number of asset objects unloaded after import = 2
========================================================================
Received Import Request.
  Time since last request: 100.480395 seconds.
  path: Assets/shaders/Toto/SEGUNDAMITAD/StencilMask.mat
  artifactKey: Guid(dc2ac7fb14ae1eb4bbeb1491e7ec0223) Importer(815301076,1909f56bfc062723c751e8b465ee728b)
Start importing Assets/shaders/Toto/SEGUNDAMITAD/StencilMask.mat using Guid(dc2ac7fb14ae1eb4bbeb1491e7ec0223) Importer(815301076,1909f56bfc062723c751e8b465ee728b)  -> (artifact id: '7c4eabb8dfcb0b4bd6d2d3c563e0aea5') in 0.029210 seconds
Number of updated asset objects reloaded before import = 2
Number of asset objects unloaded after import = 2
========================================================================
Received Import Request.
  Time since last request: 33.408158 seconds.
  path: Assets/shaders/Toto/SEGUNDAMITAD/StencilMask.mat
  artifactKey: Guid(dc2ac7fb14ae1eb4bbeb1491e7ec0223) Importer(815301076,1909f56bfc062723c751e8b465ee728b)
Start importing Assets/shaders/Toto/SEGUNDAMITAD/StencilMask.mat using Guid(dc2ac7fb14ae1eb4bbeb1491e7ec0223) Importer(815301076,1909f56bfc062723c751e8b465ee728b)  -> (artifact id: 'feb7ecf8044e09a59b09d4f88624f017') in 0.254150 seconds
Number of updated asset objects reloaded before import = 1
Number of asset objects unloaded after import = 2
========================================================================
Received Import Request.
  Time since last request: 16.488848 seconds.
  path: Assets/shaders/Toto/SEGUNDAMITAD/StencilMask.mat
  artifactKey: Guid(dc2ac7fb14ae1eb4bbeb1491e7ec0223) Importer(815301076,1909f56bfc062723c751e8b465ee728b)
Start importing Assets/shaders/Toto/SEGUNDAMITAD/StencilMask.mat using Guid(dc2ac7fb14ae1eb4bbeb1491e7ec0223) Importer(815301076,1909f56bfc062723c751e8b465ee728b)  -> (artifact id: '3638887d629e2a6d7f6b073547b2e506') in 0.280042 seconds
Number of updated asset objects reloaded before import = 1
Number of asset objects unloaded after import = 2
========================================================================
Received Import Request.
  Time since last request: 195.885295 seconds.
  path: Assets/shaders/Toto/SEGUNDAMITAD/Reader.mat
  artifactKey: Guid(333c61ce6928c5f43947cf7ff374f402) Importer(815301076,1909f56bfc062723c751e8b465ee728b)
Start importing Assets/shaders/Toto/SEGUNDAMITAD/Reader.mat using Guid(333c61ce6928c5f43947cf7ff374f402) Importer(815301076,1909f56bfc062723c751e8b465ee728b)  -> (artifact id: 'bd911b8a0a80041518d1b2046b79be17') in 0.049160 seconds
Number of updated asset objects reloaded before import = 2
Number of asset objects unloaded after import = 2
========================================================================
Received Import Request.
  Time since last request: 8.457737 seconds.
  path: Assets/shaders/Toto/SEGUNDAMITAD/StencilMask.shader
  artifactKey: Guid(246bb18394a6ea6469a93cbabc8e0802) Importer(815301076,1909f56bfc062723c751e8b465ee728b)
Start importing Assets/shaders/Toto/SEGUNDAMITAD/StencilMask.shader using Guid(246bb18394a6ea6469a93cbabc8e0802) Importer(815301076,1909f56bfc062723c751e8b465ee728b)  -> (artifact id: '48624bfbc296bf7e29221279883968a4') in 0.001800 seconds
Number of updated asset objects reloaded before import = 0
Number of asset objects unloaded after import = 0
========================================================================
Received Import Request.
  Time since last request: 24.538970 seconds.
  path: Assets/shaders/Toto/SEGUNDAMITAD/StencilMask.shader
  artifactKey: Guid(246bb18394a6ea6469a93cbabc8e0802) Importer(815301076,1909f56bfc062723c751e8b465ee728b)
Start importing Assets/shaders/Toto/SEGUNDAMITAD/StencilMask.shader using Guid(246bb18394a6ea6469a93cbabc8e0802) Importer(815301076,1909f56bfc062723c751e8b465ee728b)  -> (artifact id: 'e19ca76464db1f00312e145c8bb4970c') in 0.002479 seconds
Number of updated asset objects reloaded before import = 1
Number of asset objects unloaded after import = 0
========================================================================
Received Import Request.
  Time since last request: 3.800861 seconds.
  path: Assets/shaders/Toto/SEGUNDAMITAD/StencilMask.mat
  artifactKey: Guid(dc2ac7fb14ae1eb4bbeb1491e7ec0223) Importer(815301076,1909f56bfc062723c751e8b465ee728b)
Start importing Assets/shaders/Toto/SEGUNDAMITAD/StencilMask.mat using Guid(dc2ac7fb14ae1eb4bbeb1491e7ec0223) Importer(815301076,1909f56bfc062723c751e8b465ee728b)  -> (artifact id: 'f284a3c7e46e8b8d7c7b7d9c0ef70c8f') in 0.060879 seconds
Number of updated asset objects reloaded before import = 0
Number of asset objects unloaded after import = 1
========================================================================
Received Import Request.
  Time since last request: 32.681040 seconds.
  path: Assets/shaders/Toto/SEGUNDAMITAD/StencilMask.mat
  artifactKey: Guid(dc2ac7fb14ae1eb4bbeb1491e7ec0223) Importer(815301076,1909f56bfc062723c751e8b465ee728b)
Start importing Assets/shaders/Toto/SEGUNDAMITAD/StencilMask.mat using Guid(dc2ac7fb14ae1eb4bbeb1491e7ec0223) Importer(815301076,1909f56bfc062723c751e8b465ee728b)  -> (artifact id: '8577d3aa07acbb9e6c6a8fa452d3fd55') in 0.040881 seconds
Number of updated asset objects reloaded before import = 1
Number of asset objects unloaded after import = 1
========================================================================
Received Import Request.
  Time since last request: 8.227392 seconds.
  path: Assets/shaders/Toto/SEGUNDAMITAD/StencilMask.mat
  artifactKey: Guid(dc2ac7fb14ae1eb4bbeb1491e7ec0223) Importer(815301076,1909f56bfc062723c751e8b465ee728b)
Start importing Assets/shaders/Toto/SEGUNDAMITAD/StencilMask.mat using Guid(dc2ac7fb14ae1eb4bbeb1491e7ec0223) Importer(815301076,1909f56bfc062723c751e8b465ee728b)  -> (artifact id: 'c6f012938b6a3b1cd22cec3a504a7700') in 0.012039 seconds
Number of updated asset objects reloaded before import = 1
Number of asset objects unloaded after import = 1
========================================================================
Received Import Request.
  Time since last request: 8.471853 seconds.
  path: Assets/shaders/Toto/SEGUNDAMITAD/StencilMask.mat
  artifactKey: Guid(dc2ac7fb14ae1eb4bbeb1491e7ec0223) Importer(815301076,1909f56bfc062723c751e8b465ee728b)
Start importing Assets/shaders/Toto/SEGUNDAMITAD/StencilMask.mat using Guid(dc2ac7fb14ae1eb4bbeb1491e7ec0223) Importer(815301076,1909f56bfc062723c751e8b465ee728b)  -> (artifact id: '9f7f67bff3023806b3cbc5d2836cd554') in 0.017088 seconds
Number of updated asset objects reloaded before import = 1
Number of asset objects unloaded after import = 1
========================================================================
Received Import Request.
  Time since last request: 14.555524 seconds.
  path: Assets/shaders/Toto/SEGUNDAMITAD/StencilMask.mat
  artifactKey: Guid(dc2ac7fb14ae1eb4bbeb1491e7ec0223) Importer(815301076,1909f56bfc062723c751e8b465ee728b)
Start importing Assets/shaders/Toto/SEGUNDAMITAD/StencilMask.mat using Guid(dc2ac7fb14ae1eb4bbeb1491e7ec0223) Importer(815301076,1909f56bfc062723c751e8b465ee728b)  -> (artifact id: '9ba11ad38b7de0e4b883381a87931f5d') in 0.010724 seconds
Number of updated asset objects reloaded before import = 1
Number of asset objects unloaded after import = 1
========================================================================
Received Import Request.
  Time since last request: 10.531126 seconds.
  path: Assets/shaders/Toto/SEGUNDAMITAD/Reader.mat
  artifactKey: Guid(333c61ce6928c5f43947cf7ff374f402) Importer(815301076,1909f56bfc062723c751e8b465ee728b)
Start importing Assets/shaders/Toto/SEGUNDAMITAD/Reader.mat using Guid(333c61ce6928c5f43947cf7ff374f402) Importer(815301076,1909f56bfc062723c751e8b465ee728b)  -> (artifact id: 'a74bc087a2bb294d6de759c4987514da') in 0.022447 seconds
Number of updated asset objects reloaded before import = 1
Number of asset objects unloaded after import = 2
